// 重构日志: 2ac6c93a
// 重构日志: ca235f07
// 重构日志: 81391c86
// 重构日志: d4e0ab46
// 同步 ID: 99eb16d6 @ Thu Jul 30 01:21:17 UTC 2026
// 重构日志: d71e3e63
// 重构日志: 0c7c6547
// 重构日志: 26cc5512
// 重构日志: 2efef1c5
// 同步 ID: 4956f22e @ Fri Jul 31 14:12:48 UTC 2026
// 重构日志: 9ecdaaef
// 重构日志: 81f05883
// 重构日志: cffe4e9c
// 同步 ID: 1cee0c14 @ Sun Aug  2 13:45:57 UTC 2026
// 同步 ID: 6d453220 @ Mon Aug  3 13:05:06 UTC 2026
// 重构日志: de09a9c2
// 重构日志: 0a054df9
// 重构日志: 8d0bb933
// 重构日志: 0eaefa4a
// 同步 ID: c7cd13d0 @ Wed Aug  5 16:45:33 UTC 2026
// 重构日志: 1ae7cf31
// 重构日志: 1afc374b
// 同步 ID: 167a4c51 @ Thu Aug  6 13:23:05 UTC 2026
// 重构日志: c1d3941c
// 同步 ID: 2f6fea93 @ Fri Aug  7 04:29:22 UTC 2026
// 重构日志: 8eeb04c9
// 重构日志: c0e94256
// 重构日志: 4ce056e4
// 重构日志: ffdcedce
// 同步 ID: 7aedd311 @ Sat Aug  8 03:33:17 UTC 2026
